---
source: tests/layout/directional/writing_mode/mod.rs
expression: dump_layout_cmd.stdout()
---
DOCUMENT Inline LayoutBox at (0, 0) size 1920x1216
  DOCTYPE Inline LayoutBox at (0, 0) size 1920x0
  HTML Block LayoutBox at (0, 0) size 1920x1216
     AnonymousInline LayoutBox at (0, 0) size 1920x0
      TEXT Inline LayoutBox at (0, 0) size 1920x0
    BODY Block LayoutBox at (1928, 8) size 1200x1904
       AnonymousInline LayoutBox at (0, 0) size 0x0
        TEXT Inline LayoutBox at (0, 0) size 0x0
        TEXT Inline LayoutBox at (0, 0) size 0x0
        TEXT Inline LayoutBox at (0, 0) size 0x0
        TEXT Inline LayoutBox at (0, 0) size 0x0
      DIV Block LayoutBox at (8, 8) size 400x200
      DIV Block LayoutBox at (408, 8) size 400x200
      DIV Block LayoutBox at (808, 8) size 400x200

