---
source: tests/lib.rs
expression: dump_layout_cmd.stdout()
input_file: tests/websrc/rainbow-divs.html
---
HTML BlockContainer at (0, 0) size 960x184
  BODY BlockContainer at (8, 8) size 944x168
    DIV BlockContainer at (20, 20) size 920x144
      DIV BlockContainer at (32, 32) size 896x120
        DIV BlockContainer at (44, 44) size 872x96
          DIV BlockContainer at (56, 56) size 848x72
            DIV BlockContainer at (68, 68) size 824x48
              DIV BlockContainer at (80, 80) size 800x24
                DIV BlockContainer at (92, 92) size 776x0

