---
source: tests/lib.rs
expression: dump_layout_cmd.stdout()
input_file: tests/websrc/rainbow-divs.html
---
HTML BlockContainer at (0, 0) size 1920x184
  BODY BlockContainer at (8, 8) size 1904x168
    DIV BlockContainer at (20, 20) size 1880x144
      DIV BlockContainer at (32, 32) size 1856x120
        DIV BlockContainer at (44, 44) size 1832x96
          DIV BlockContainer at (56, 56) size 1808x72
            DIV BlockContainer at (68, 68) size 1784x48
              DIV BlockContainer at (80, 80) size 1760x24
                DIV BlockContainer at (92, 92) size 1736x0

